------------------------------------------------------------
TimeQuest Timing Analyzer Summary
------------------------------------------------------------

Type  : Slow 1200mV 85C Model Setup 'GClock'
Slack : -14.975
TNS   : -91.251

Type  : Slow 1200mV 85C Model Setup 'lpm_rom:InstructionMemory|altrom:srom|altsyncram:rom_block|altsyncram_qd01:auto_generated|ram_block1a0~porta_address_reg0'
Slack : -12.985
TNS   : -2612.566

Type  : Slow 1200mV 85C Model Hold 'lpm_rom:InstructionMemory|altrom:srom|altsyncram:rom_block|altsyncram_qd01:auto_generated|ram_block1a0~porta_address_reg0'
Slack : -3.757
TNS   : -355.167

Type  : Slow 1200mV 85C Model Hold 'GClock'
Slack : 0.064
TNS   : 0.000

Type  : Slow 1200mV 85C Model Minimum Pulse Width 'GClock'
Slack : -3.000
TNS   : -26.745

Type  : Slow 1200mV 85C Model Minimum Pulse Width 'lpm_rom:InstructionMemory|altrom:srom|altsyncram:rom_block|altsyncram_qd01:auto_generated|ram_block1a0~porta_address_reg0'
Slack : -1.285
TNS   : -328.960

Type  : Slow 1200mV 0C Model Setup 'GClock'
Slack : -13.771
TNS   : -82.636

Type  : Slow 1200mV 0C Model Setup 'lpm_rom:InstructionMemory|altrom:srom|altsyncram:rom_block|altsyncram_qd01:auto_generated|ram_block1a0~porta_address_reg0'
Slack : -11.897
TNS   : -2402.242

Type  : Slow 1200mV 0C Model Hold 'lpm_rom:InstructionMemory|altrom:srom|altsyncram:rom_block|altsyncram_qd01:auto_generated|ram_block1a0~porta_address_reg0'
Slack : -3.449
TNS   : -337.473

Type  : Slow 1200mV 0C Model Hold 'GClock'
Slack : 0.035
TNS   : 0.000

Type  : Slow 1200mV 0C Model Minimum Pulse Width 'GClock'
Slack : -3.000
TNS   : -26.525

Type  : Slow 1200mV 0C Model Minimum Pulse Width 'lpm_rom:InstructionMemory|altrom:srom|altsyncram:rom_block|altsyncram_qd01:auto_generated|ram_block1a0~porta_address_reg0'
Slack : -1.285
TNS   : -328.960

Type  : Fast 1200mV 0C Model Setup 'GClock'
Slack : -6.976
TNS   : -37.825

Type  : Fast 1200mV 0C Model Setup 'lpm_rom:InstructionMemory|altrom:srom|altsyncram:rom_block|altsyncram_qd01:auto_generated|ram_block1a0~porta_address_reg0'
Slack : -6.450
TNS   : -1267.858

Type  : Fast 1200mV 0C Model Hold 'lpm_rom:InstructionMemory|altrom:srom|altsyncram:rom_block|altsyncram_qd01:auto_generated|ram_block1a0~porta_address_reg0'
Slack : -2.020
TNS   : -206.934

Type  : Fast 1200mV 0C Model Hold 'GClock'
Slack : -0.409
TNS   : -2.481

Type  : Fast 1200mV 0C Model Minimum Pulse Width 'GClock'
Slack : -3.000
TNS   : -16.995

Type  : Fast 1200mV 0C Model Minimum Pulse Width 'lpm_rom:InstructionMemory|altrom:srom|altsyncram:rom_block|altsyncram_qd01:auto_generated|ram_block1a0~porta_address_reg0'
Slack : -1.000
TNS   : -258.078

------------------------------------------------------------
